{
  "protocol": "openclaw.v1",
  "connected": {
    "type": "connected",
    "connectionId": "0d144af1-497b-4ab1-90c4-57448f21f806",
    "version": "1"
  },
  "reply": {
    "version": "1",
    "message": {
      "messageId": "web-socket-4c70e1f4-82b8-4535-b6f2-37396162aad4",
      "traceId": "f8aeb263-9539-481b-bda4-79fde815630a",
      "timestamp": 1790944807649,
      "source": {
        "channel": "web-socket",
        "accountId": "default",
        "userId": "browser-user",
        "chatType": "direct",
        "agentId": "main"
      },
      "contentType": "text",
      "text": "openclaw e2e fixture reply",
      "media": [],
      "direction": "outbound"
    },
    "headers": {
      "replyRoute": {
        "connectionId": "0d144af1-497b-4ab1-90c4-57448f21f806"
      }
    },
    "type": "reply",
    "sessionKey": "agent:main:main",
    "messageId": "web-socket-browser-1790944807530"
  },
  "accepted": {
    "type": "accepted",
    "messageId": "web-socket-browser-1790944807530",
    "version": "1"
  }
}